// Jest Snapshot v1, https://goo.gl/fbAQLP

exports[`articlesByPage falcor routes returns correct path values 1`] = `
Array [
  Object {
    "path": Array [
      "articles",
      "byPage",
      5,
      2,
      0,
    ],
    "value": Object {
      "$type": "ref",
      "value": Array [
        "articles",
        "bySlug",
        "slug-10",
      ],
    },
  },
  Object {
    "path": Array [
      "articles",
      "byPage",
      5,
      2,
      1,
    ],
    "value": Object {
      "$type": "ref",
      "value": Array [
        "articles",
        "bySlug",
        "slug-11",
      ],
    },
  },
  Object {
    "path": Array [
      "articles",
      "byPage",
      5,
      2,
      2,
    ],
    "value": Object {
      "$type": "ref",
      "value": Array [
        "articles",
        "bySlug",
        "slug-12",
      ],
    },
  },
  Object {
    "path": Array [
      "articles",
      "byPage",
      5,
      2,
      3,
    ],
    "value": Object {
      "$type": "ref",
      "value": Array [
        "articles",
        "bySlug",
        "slug-13",
      ],
    },
  },
  Object {
    "path": Array [
      "articles",
      "byPage",
      5,
      2,
      4,
    ],
    "value": Object {
      "$type": "ref",
      "value": Array [
        "articles",
        "bySlug",
        "slug-14",
      ],
    },
  },
]
`;
